Clock: clk
Sources: clk 
Generated: no
Virtual: yes
Propagated: no
Period: 10.000000

===========================================================================
report_clock_properties
============================================================================
Clock                   Period          Waveform
----------------------------------------------------
clk                  10.000000    0.000000  5.000000

===========================================================================
report_clock_latency
============================================================================
Clock clk
rise -> rise
    min     max
0.000000 0.000000 source latency
0.628219         network latency _549_/CLK
        0.633256 network latency _565_/CLK
---------------
0.628219 0.633256 latency
        0.005037 skew

fall -> fall
    min     max
0.000000 0.000000 source latency
0.611531         network latency _549_/CLK
        0.616657 network latency _565_/CLK
---------------
0.611531 0.616657 latency
        0.005126 skew



===========================================================================
report_clock_min_period
============================================================================
clk period_min = 5.93 fmax = 168.66
