┏━━━━━━━━━━━━━━━━━━━━━━┳━━━━━━━━━━┳━━━━━━━━━━┳━━━━━━━━━━┳━━━━━━━━━━┳━━━━━━━━━━━┳━━━━━━━━━━┳━━━━━━━━━━━┳━━━━━━━━━━┳━━━━━━━━━━━┳━━━━━━━━━━┳━━━━━━━━━━━┳━━━━━━━━━━┓
┃                      ┃ Hold     ┃ Reg to   ┃          ┃          ┃ of which  ┃ Setup    ┃           ┃          ┃           ┃ of which ┃           ┃          ┃
┃                      ┃ Worst    ┃ Reg      ┃          ┃ Hold Vio ┃ reg to    ┃ Worst    ┃ Reg to    ┃ Setup    ┃ Setup Vio ┃ reg to   ┃ Max Cap   ┃ Max Slew ┃
┃ Corner/Group         ┃ Slack    ┃ Paths    ┃ Hold TNS ┃ Count    ┃ reg       ┃ Slack    ┃ Reg Paths ┃ TNS      ┃ Count     ┃ reg      ┃ Violatio… ┃ Violati… ┃
┡━━━━━━━━━━━━━━━━━━━━━━╇━━━━━━━━━━╇━━━━━━━━━━╇━━━━━━━━━━╇━━━━━━━━━━╇━━━━━━━━━━━╇━━━━━━━━━━╇━━━━━━━━━━━╇━━━━━━━━━━╇━━━━━━━━━━━╇━━━━━━━━━━╇━━━━━━━━━━━╇━━━━━━━━━━┩
│ Overall              │ 0.1217   │ 0.1217   │ 0.0000   │ 0        │ 0         │ 1.2492   │ 4.0710    │ 0.0000   │ 0         │ 0        │ 0         │ 3        │
│ nom_tt_025C_1v80     │ 0.3219   │ 0.3219   │ 0.0000   │ 0        │ 0         │ 4.8458   │ N/A       │ 0.0000   │ 0         │ 0        │ 0         │ 0        │
│ nom_ss_100C_1v60     │ 0.9038   │ 0.9038   │ 0.0000   │ 0        │ 0         │ 1.2861   │ 4.1457    │ 0.0000   │ 0         │ 0        │ 0         │ 3        │
│ nom_ff_n40C_1v95     │ 0.1252   │ 0.1252   │ 0.0000   │ 0        │ 0         │ 6.0176   │ N/A       │ 0.0000   │ 0         │ 0        │ 0         │ 0        │
│ min_tt_025C_1v80     │ 0.3167   │ 0.3167   │ 0.0000   │ 0        │ 0         │ 4.8715   │ N/A       │ 0.0000   │ 0         │ 0        │ 0         │ 0        │
│ min_ss_100C_1v60     │ 0.8933   │ 0.8933   │ 0.0000   │ 0        │ 0         │ 1.3264   │ 4.2125    │ 0.0000   │ 0         │ 0        │ 0         │ 3        │
│ min_ff_n40C_1v95     │ 0.1217   │ 0.1217   │ 0.0000   │ 0        │ 0         │ 6.0345   │ N/A       │ 0.0000   │ 0         │ 0        │ 0         │ 0        │
│ max_tt_025C_1v80     │ 0.3267   │ 0.3267   │ 0.0000   │ 0        │ 0         │ 4.8269   │ N/A       │ 0.0000   │ 0         │ 0        │ 0         │ 0        │
│ max_ss_100C_1v60     │ 0.9129   │ 0.9129   │ 0.0000   │ 0        │ 0         │ 1.2492   │ 4.0710    │ 0.0000   │ 0         │ 0        │ 0         │ 3        │
│ max_ff_n40C_1v95     │ 0.1283   │ 0.1283   │ 0.0000   │ 0        │ 0         │ 6.0058   │ N/A       │ 0.0000   │ 0         │ 0        │ 0         │ 0        │
└──────────────────────┴──────────┴──────────┴──────────┴──────────┴───────────┴──────────┴───────────┴──────────┴───────────┴──────────┴───────────┴──────────┘
